Archive member included to satisfy reference by file (symbol)

/Applications/STM32CubeIDE.app/Contents/Eclipse/plugins/com.st.stm32cube.ide.mcu.externaltools.gnu-tools-for-stm32.11.3.rel1.macos64_1.1.1.202309131626/tools/bin/../lib/gcc/arm-none-eabi/11.3.1/../../../../arm-none-eabi/lib/thumb/v6-m/nofp/libc_nano.a(libc_a-exit.o)
                              /Applications/STM32CubeIDE.app/Contents/Eclipse/plugins/com.st.stm32cube.ide.mcu.externaltools.gnu-tools-for-stm32.11.3.rel1.macos64_1.1.1.202309131626/tools/bin/../lib/gcc/arm-none-eabi/11.3.1/../../../../arm-none-eabi/lib/thumb/v6-m/nofp/crt0.o (exit)
/Applications/STM32CubeIDE.app/Contents/Eclipse/plugins/com.st.stm32cube.ide.mcu.externaltools.gnu-tools-for-stm32.11.3.rel1.macos64_1.1.1.202309131626/tools/bin/../lib/gcc/arm-none-eabi/11.3.1/../../../../arm-none-eabi/lib/thumb/v6-m/nofp/libc_nano.a(libc_a-findfp.o)
                              /Applications/STM32CubeIDE.app/Contents/Eclipse/plugins/com.st.stm32cube.ide.mcu.externaltools.gnu-tools-for-stm32.11.3.rel1.macos64_1.1.1.202309131626/tools/bin/../lib/gcc/arm-none-eabi/11.3.1/../../../../arm-none-eabi/lib/thumb/v6-m/nofp/libc_nano.a(libc_a-exit.o) (__stdio_exit_handler)
/Applications/STM32CubeIDE.app/Contents/Eclipse/plugins/com.st.stm32cube.ide.mcu.externaltools.gnu-tools-for-stm32.11.3.rel1.macos64_1.1.1.202309131626/tools/bin/../lib/gcc/arm-none-eabi/11.3.1/../../../../arm-none-eabi/lib/thumb/v6-m/nofp/libc_nano.a(libc_a-fwalk.o)
                              /Applications/STM32CubeIDE.app/Contents/Eclipse/plugins/com.st.stm32cube.ide.mcu.externaltools.gnu-tools-for-stm32.11.3.rel1.macos64_1.1.1.202309131626/tools/bin/../lib/gcc/arm-none-eabi/11.3.1/../../../../arm-none-eabi/lib/thumb/v6-m/nofp/libc_nano.a(libc_a-findfp.o) (_fwalk_sglue)
/Applications/STM32CubeIDE.app/Contents/Eclipse/plugins/com.st.stm32cube.ide.mcu.externaltools.gnu-tools-for-stm32.11.3.rel1.macos64_1.1.1.202309131626/tools/bin/../lib/gcc/arm-none-eabi/11.3.1/../../../../arm-none-eabi/lib/thumb/v6-m/nofp/libc_nano.a(libc_a-memset.o)
                              /Applications/STM32CubeIDE.app/Contents/Eclipse/plugins/com.st.stm32cube.ide.mcu.externaltools.gnu-tools-for-stm32.11.3.rel1.macos64_1.1.1.202309131626/tools/bin/../lib/gcc/arm-none-eabi/11.3.1/../../../../arm-none-eabi/lib/thumb/v6-m/nofp/crt0.o (memset)
/Applications/STM32CubeIDE.app/Contents/Eclipse/plugins/com.st.stm32cube.ide.mcu.externaltools.gnu-tools-for-stm32.11.3.rel1.macos64_1.1.1.202309131626/tools/bin/../lib/gcc/arm-none-eabi/11.3.1/../../../../arm-none-eabi/lib/thumb/v6-m/nofp/libc_nano.a(libc_a-impure.o)
                              /Applications/STM32CubeIDE.app/Contents/Eclipse/plugins/com.st.stm32cube.ide.mcu.externaltools.gnu-tools-for-stm32.11.3.rel1.macos64_1.1.1.202309131626/tools/bin/../lib/gcc/arm-none-eabi/11.3.1/../../../../arm-none-eabi/lib/thumb/v6-m/nofp/libc_nano.a(libc_a-findfp.o) (_impure_data)
/Applications/STM32CubeIDE.app/Contents/Eclipse/plugins/com.st.stm32cube.ide.mcu.externaltools.gnu-tools-for-stm32.11.3.rel1.macos64_1.1.1.202309131626/tools/bin/../lib/gcc/arm-none-eabi/11.3.1/../../../../arm-none-eabi/lib/thumb/v6-m/nofp/libc_nano.a(libc_a-errno.o)
                              ./Src/syscalls.o (__errno)
/Applications/STM32CubeIDE.app/Contents/Eclipse/plugins/com.st.stm32cube.ide.mcu.externaltools.gnu-tools-for-stm32.11.3.rel1.macos64_1.1.1.202309131626/tools/bin/../lib/gcc/arm-none-eabi/11.3.1/../../../../arm-none-eabi/lib/thumb/v6-m/nofp/libc_nano.a(libc_a-init.o)
                              /Applications/STM32CubeIDE.app/Contents/Eclipse/plugins/com.st.stm32cube.ide.mcu.externaltools.gnu-tools-for-stm32.11.3.rel1.macos64_1.1.1.202309131626/tools/bin/../lib/gcc/arm-none-eabi/11.3.1/../../../../arm-none-eabi/lib/thumb/v6-m/nofp/crt0.o (__libc_init_array)
/Applications/STM32CubeIDE.app/Contents/Eclipse/plugins/com.st.stm32cube.ide.mcu.externaltools.gnu-tools-for-stm32.11.3.rel1.macos64_1.1.1.202309131626/tools/bin/../lib/gcc/arm-none-eabi/11.3.1/../../../../arm-none-eabi/lib/thumb/v6-m/nofp/libc_nano.a(libc_a-lock.o)
                              /Applications/STM32CubeIDE.app/Contents/Eclipse/plugins/com.st.stm32cube.ide.mcu.externaltools.gnu-tools-for-stm32.11.3.rel1.macos64_1.1.1.202309131626/tools/bin/../lib/gcc/arm-none-eabi/11.3.1/../../../../arm-none-eabi/lib/thumb/v6-m/nofp/libc_nano.a(libc_a-findfp.o) (__retarget_lock_init_recursive)
/Applications/STM32CubeIDE.app/Contents/Eclipse/plugins/com.st.stm32cube.ide.mcu.externaltools.gnu-tools-for-stm32.11.3.rel1.macos64_1.1.1.202309131626/tools/bin/../lib/gcc/arm-none-eabi/11.3.1/../../../../arm-none-eabi/lib/thumb/v6-m/nofp/libc_nano.a(libc_a-mallocr.o)
                              /Applications/STM32CubeIDE.app/Contents/Eclipse/plugins/com.st.stm32cube.ide.mcu.externaltools.gnu-tools-for-stm32.11.3.rel1.macos64_1.1.1.202309131626/tools/bin/../lib/gcc/arm-none-eabi/11.3.1/../../../../arm-none-eabi/lib/thumb/v6-m/nofp/libc_nano.a(libc_a-findfp.o) (_malloc_r)
[...]
Memory Configuration

Name             Origin             Length             Attributes
RAM              0x0000000020000000 0x0000000000002000 xrw
FLASH            0x0000000008000000 0x0000000000008000 xr
*default*        0x0000000000000000 0xffffffffffffffff

Linker script and memory map

LOAD /Applications/STM32CubeIDE.app/Contents/Eclipse/plugins/com.st.stm32cube.ide.mcu.externaltools.gnu-tools-for-stm32.11.3.rel1.macos64_1.1.1.202309131626/tools/bin/../lib/gcc/arm-none-eabi/11.3.1/thumb/v6-m/nofp/crti.o
LOAD /Applications/STM32CubeIDE.app/Contents/Eclipse/plugins/com.st.stm32cube.ide.mcu.externaltools.gnu-tools-for-stm32.11.3.rel1.macos64_1.1.1.202309131626/tools/bin/../lib/gcc/arm-none-eabi/11.3.1/thumb/v6-m/nofp/crtbegin.o
LOAD /Applications/STM32CubeIDE.app/Contents/Eclipse/plugins/com.st.stm32cube.ide.mcu.externaltools.gnu-tools-for-stm32.11.3.rel1.macos64_1.1.1.202309131626/tools/bin/../lib/gcc/arm-none-eabi/11.3.1/../../../../arm-none-eabi/lib/thumb/v6-m/nofp/crt0.o
LOAD ./Src/AM2302.o
LOAD ./Src/Clocks.o
LOAD ./Src/GPIO.o
LOAD ./Src/I2C_EEPROM.o
LOAD ./Src/LPTIM.o
LOAD ./Src/NVIC.o
LOAD ./Src/Queues.o
LOAD ./Src/RTC.o
LOAD ./Src/USART_DMA.o
LOAD ./Src/main.o
LOAD ./Src/syscalls.o
LOAD ./Src/sysmem.o
LOAD ./Startup/startup_stm32l031k6tx.o
START GROUP
LOAD /Applications/STM32CubeIDE.app/Contents/Eclipse/plugins/com.st.stm32cube.ide.mcu.externaltools.gnu-tools-for-stm32.11.3.rel1.macos64_1.1.1.202309131626/tools/bin/../lib/gcc/arm-none-eabi/11.3.1/../../../../arm-none-eabi/lib/thumb/v6-m/nofp/libc_nano.a
LOAD /Applications/STM32CubeIDE.app/Contents/Eclipse/plugins/com.st.stm32cube.ide.mcu.externaltools.gnu-tools-for-stm32.11.3.rel1.macos64_1.1.1.202309131626/tools/bin/../lib/gcc/arm-none-eabi/11.3.1/../../../../arm-none-eabi/lib/thumb/v6-m/nofp/libm.a
END GROUP
START GROUP
LOAD /Applications/STM32CubeIDE.app/Contents/Eclipse/plugins/com.st.stm32cube.ide.mcu.externaltools.gnu-tools-for-stm32.11.3.rel1.macos64_1.1.1.202309131626/tools/bin/../lib/gcc/arm-none-eabi/11.3.1/thumb/v6-m/nofp/libgcc.a
LOAD /Applications/STM32CubeIDE.app/Contents/Eclipse/plugins/com.st.stm32cube.ide.mcu.externaltools.gnu-tools-for-stm32.11.3.rel1.macos64_1.1.1.202309131626/tools/bin/../lib/gcc/arm-none-eabi/11.3.1/../../../../arm-none-eabi/lib/thumb/v6-m/nofp/libc_nano.a
END GROUP
START GROUP
LOAD /Applications/STM32CubeIDE.app/Contents/Eclipse/plugins/com.st.stm32cube.ide.mcu.externaltools.gnu-tools-for-stm32.11.3.rel1.macos64_1.1.1.202309131626/tools/bin/../lib/gcc/arm-none-eabi/11.3.1/thumb/v6-m/nofp/libgcc.a
LOAD /Applications/STM32CubeIDE.app/Contents/Eclipse/plugins/com.st.stm32cube.ide.mcu.externaltools.gnu-tools-for-stm32.11.3.rel1.macos64_1.1.1.202309131626/tools/bin/../lib/gcc/arm-none-eabi/11.3.1/../../../../arm-none-eabi/lib/thumb/v6-m/nofp/libc_nano.a
LOAD /Applications/STM32CubeIDE.app/Contents/Eclipse/plugins/com.st.stm32cube.ide.mcu.externaltools.gnu-tools-for-stm32.11.3.rel1.macos64_1.1.1.202309131626/tools/bin/../lib/gcc/arm-none-eabi/11.3.1/../../../../arm-none-eabi/lib/thumb/v6-m/nofp/libnosys.a
END GROUP
START GROUP
LOAD /Applications/STM32CubeIDE.app/Contents/Eclipse/plugins/com.st.stm32cube.ide.mcu.externaltools.gnu-tools-for-stm32.11.3.rel1.macos64_1.1.1.202309131626/tools/bin/../lib/gcc/arm-none-eabi/11.3.1/thumb/v6-m/nofp/libgcc.a
LOAD /Applications/STM32CubeIDE.app/Contents/Eclipse/plugins/com.st.stm32cube.ide.mcu.externaltools.gnu-tools-for-stm32.11.3.rel1.macos64_1.1.1.202309131626/tools/bin/../lib/gcc/arm-none-eabi/11.3.1/../../../../arm-none-eabi/lib/thumb/v6-m/nofp/libc_nano.a
LOAD /Applications/STM32CubeIDE.app/Contents/Eclipse/plugins/com.st.stm32cube.ide.mcu.externaltools.gnu-tools-for-stm32.11.3.rel1.macos64_1.1.1.202309131626/tools/bin/../lib/gcc/arm-none-eabi/11.3.1/../../../../arm-none-eabi/lib/thumb/v6-m/nofp/libnosys.a
END GROUP
LOAD /Applications/STM32CubeIDE.app/Contents/Eclipse/plugins/com.st.stm32cube.ide.mcu.externaltools.gnu-tools-for-stm32.11.3.rel1.macos64_1.1.1.202309131626/tools/bin/../lib/gcc/arm-none-eabi/11.3.1/thumb/v6-m/nofp/crtend.o
LOAD /Applications/STM32CubeIDE.app/Contents/Eclipse/plugins/com.st.stm32cube.ide.mcu.externaltools.gnu-tools-for-stm32.11.3.rel1.macos64_1.1.1.202309131626/tools/bin/../lib/gcc/arm-none-eabi/11.3.1/thumb/v6-m/nofp/crtn.o
                0x0000000020002000                _estack = (ORIGIN (RAM) + LENGTH (RAM))
                0x0000000000000200                _Min_Heap_Size = 0x200
                0x0000000000000400                _Min_Stack_Size = 0x400

.isr_vector     0x0000000008000000       0xb8
                0x0000000008000000                . = ALIGN (0x4)
 *(.isr_vector)
 .isr_vector    0x0000000008000000       0xb8 ./Startup/startup_stm32l031k6tx.o
                0x0000000008000000                g_pfnVectors
                0x00000000080000b8                . = ALIGN (0x4)

.text           0x00000000080000b8     0x2f2c
                0x00000000080000b8                . = ALIGN (0x4)
 *(.text)
 .text          0x00000000080000b8       0x48 /Applications/STM32CubeIDE.app/Contents/Eclipse/plugins/com.st.stm32cube.ide.mcu.externaltools.gnu-tools-for-stm32.11.3.rel1.macos64_1.1.1.202309131626/tools/bin/../lib/gcc/arm-none-eabi/11.3.1/thumb/v6-m/nofp/crtbegin.o
 .text          0x0000000008000100      0x114 /Applications/STM32CubeIDE.app/Contents/Eclipse/plugins/com.st.stm32cube.ide.mcu.externaltools.gnu-tools-for-stm32.11.3.rel1.macos64_1.1.1.202309131626/tools/bin/../lib/gcc/arm-none-eabi/11.3.1/thumb/v6-m/nofp/libgcc.a(_udivsi3.o)
                0x0000000008000100                __udivsi3
                0x0000000008000100                __aeabi_uidiv
                0x000000000800020c                __aeabi_uidivmod
 .text          0x0000000008000214        0x4 /Applications/STM32CubeIDE.app/Contents/Eclipse/plugins/com.st.stm32cube.ide.mcu.externaltools.gnu-tools-for-stm32.11.3.rel1.macos64_1.1.1.202309131626/tools/bin/../lib/gcc/arm-none-eabi/11.3.1/thumb/v6-m/nofp/libgcc.a(_dvmd_tls.o)
                0x0000000008000214                __aeabi_ldiv0
                0x0000000008000214                __aeabi_idiv0
 *(.text*)
 .text.AM2302_Request_Data
                0x0000000008000218      0x2b8 ./Src/AM2302.o
                0x0000000008000218                AM2302_Request_Data
 .text.pause_us
                0x00000000080004d0       0x2e ./Src/AM2302.o
                0x00000000080004d0                pause_us
 *fill*         0x00000000080004fe        0x2 
 .text.intialize_Clock_HSI16
                0x0000000008000500       0x1c ./Src/Clocks.o
                0x0000000008000500                intialize_Clock_HSI16
 .text.set_system_clock
                0x000000000800051c       0x1c ./Src/Clocks.o
                0x000000000800051c                set_system_clock
 .text.initialize_I2C1_Clock
                0x0000000008000538       0x40 ./Src/Clocks.o
                0x0000000008000538                initialize_I2C1_Clock
 .text.initialize_GPIOA_Clock
                0x0000000008000578       0x1c ./Src/Clocks.o
                0x0000000008000578                initialize_GPIOA_Clock
 .text.initialize_GPIOB_Clock
                0x0000000008000594       0x1c ./Src/Clocks.o
                0x0000000008000594                initialize_GPIOB_Clock
 .text.initialize_LSE_Clock
                0x00000000080005b0       0x7c ./Src/Clocks.o
                0x00000000080005b0                initialize_LSE_Clock
 .text.initialize_LPTIM1_Clock
                0x000000000800062c       0x30 ./Src/Clocks.o
                0x000000000800062c                initialize_LPTIM1_Clock
 .text.initialize_DMA_Clock
                0x000000000800065c       0x1c ./Src/Clocks.o
                0x000000000800065c                initialize_DMA_Clock
 .text.initialize_USART2_Clock
                0x0000000008000678       0x2c ./Src/Clocks.o
                0x0000000008000678                initialize_USART2_Clock
 .text.initialize_GPIOA_OD_PU
                0x00000000080006a4       0xd4 ./Src/GPIO.o
                0x00000000080006a4                initialize_GPIOA_OD_PU
 .text.initialize_GPIOA_GPO_PP
                0x0000000008000778       0xbc ./Src/GPIO.o
                0x0000000008000778                initialize_GPIOA_GPO_PP
 .text.initialize_GPIOA_Output
                0x0000000008000834       0x58 ./Src/GPIO.o
                0x0000000008000834                initialize_GPIOA_Output
 .text.initialize_GPIO_AM2302
                0x000000000800088c       0x18 ./Src/GPIO.o
                0x000000000800088c                initialize_GPIO_AM2302
 .text.intialize_GPIO_USART2
                0x00000000080008a4      0x168 ./Src/GPIO.o
                0x00000000080008a4                intialize_GPIO_USART2
 .text.EEPROM_Get_Serial_Number
                0x0000000008000a0c       0x4c ./Src/I2C_EEPROM.o
                0x0000000008000a0c                EEPROM_Get_Serial_Number
 .text.EEPROM_Stored_Data_Block_Is_Available
                0x0000000008000a58       0x44 ./Src/I2C_EEPROM.o
                0x0000000008000a58                EEPROM_Stored_Data_Block_Is_Available
 .text.EEPROM_Reset_Data_Pointers
                0x0000000008000a9c       0x6c ./Src/I2C_EEPROM.o
                0x0000000008000a9c                EEPROM_Reset_Data_Pointers
 .text.EEPROM_Get_Data_Write_Pointer
                0x0000000008000b08       0x44 ./Src/I2C_EEPROM.o
                0x0000000008000b08                EEPROM_Get_Data_Write_Pointer
 .text.EEPROM_Get_Data_Process_Pointer
                0x0000000008000b4c       0x44 ./Src/I2C_EEPROM.o
                0x0000000008000b4c                EEPROM_Get_Data_Process_Pointer
 .text.EEPROM_Increment_Data_Process_Pointer
                0x0000000008000b90       0x58 ./Src/I2C_EEPROM.o
                0x0000000008000b90                EEPROM_Increment_Data_Process_Pointer
 .text.EEPROM_Get_FIFO_Data_Block
                0x0000000008000be8       0x60 ./Src/I2C_EEPROM.o
                0x0000000008000be8                EEPROM_Get_FIFO_Data_Block
 .text.I2C_EEPROM_Read
                0x0000000008000c48       0xc8 ./Src/I2C_EEPROM.o
                0x0000000008000c48                I2C_EEPROM_Read
 .text.I2C_EEPROM_Write
                0x0000000008000d10      0x144 ./Src/I2C_EEPROM.o
                0x0000000008000d10                I2C_EEPROM_Write
 .text.I2C1_IRQHandler
                0x0000000008000e54      0x160 ./Src/I2C_EEPROM.o
                0x0000000008000e54                I2C1_IRQHandler
 .text.intialize_GPIO_I2C1
                0x0000000008000fb4      0x1b8 ./Src/I2C_EEPROM.o
                0x0000000008000fb4                intialize_GPIO_I2C1
 .text.initialize_I2C1
                0x000000000800116c       0xdc ./Src/I2C_EEPROM.o
                0x000000000800116c                initialize_I2C1
 .text.initialize_LPTIM
                0x0000000008001248       0xe0 ./Src/LPTIM.o
                0x0000000008001248                initialize_LPTIM
 .text.intialize_EXTI_RTC
                0x0000000008001328       0x30 ./Src/NVIC.o
                0x0000000008001328                intialize_EXTI_RTC
 .text.initialize_NVIC_interrupt_priorities
                0x0000000008001358       0x40 ./Src/NVIC.o
                0x0000000008001358                initialize_NVIC_interrupt_priorities
 .text.initialize_NVIC_LPTIM1
                0x0000000008001398       0x1c ./Src/NVIC.o
                0x0000000008001398                initialize_NVIC_LPTIM1
 .text.intialize_NVIC_AES_RNG_LPUART1
                0x00000000080013b4       0x1c ./Src/NVIC.o
                0x00000000080013b4                intialize_NVIC_AES_RNG_LPUART1
 .text.Set_Pending_AES_RNG_LPUART1_Interrupt
                0x00000000080013d0       0x1c ./Src/NVIC.o
                0x00000000080013d0                Set_Pending_AES_RNG_LPUART1_Interrupt
 .text.Clear_Pending_AES_RNG_LPUART1_Interrupt
                0x00000000080013ec       0x1c ./Src/NVIC.o
                0x00000000080013ec                Clear_Pending_AES_RNG_LPUART1_Interrupt
 .text.PendSv_Clear
                0x0000000008001408       0x1c ./Src/NVIC.o
                0x0000000008001408                PendSv_Clear
 .text.intialize_NVIC_I2C1
                0x0000000008001424       0x1c ./Src/NVIC.o
                0x0000000008001424                intialize_NVIC_I2C1
 .text.intialize_NVIC_USART2
                0x0000000008001440       0x1c ./Src/NVIC.o
                0x0000000008001440                intialize_NVIC_USART2
 .text.intialize_NVIC_DMA_CH47
                0x000000000800145c       0x1c ./Src/NVIC.o
                0x000000000800145c                intialize_NVIC_DMA_CH47
 .text.intialize_NVIC_RTC
                0x0000000008001478       0x1c ./Src/NVIC.o
                0x0000000008001478                intialize_NVIC_RTC
 .text.global_message_queue_combine
                0x0000000008001494       0x88 ./Src/Queues.o
                0x0000000008001494                global_message_queue_combine
 .text.global_message_queue_is_empty
                0x000000000800151c       0x30 ./Src/Queues.o
                0x000000000800151c                global_message_queue_is_empty
 .text.sensor_message_queue_is_empty
                0x000000000800154c       0x30 ./Src/Queues.o
                0x000000000800154c                sensor_message_queue_is_empty
 .text.server_message_queue_is_empty
                0x000000000800157c       0x30 ./Src/Queues.o
                0x000000000800157c                server_message_queue_is_empty
 .text.internal_message_queue_is_empty
                0x00000000080015ac       0x30 ./Src/Queues.o
                0x00000000080015ac                internal_message_queue_is_empty
 .text.EEPROM_read_message_queue_is_empty
                0x00000000080015dc       0x30 ./Src/Queues.o
                0x00000000080015dc                EEPROM_read_message_queue_is_empty
 .text.global_message_queue_get
                0x000000000800160c       0x30 ./Src/Queues.o
                0x000000000800160c                global_message_queue_get
 .text.sensor_message_queue_get
                0x000000000800163c       0x30 ./Src/Queues.o
                0x000000000800163c                sensor_message_queue_get
 .text.server_message_queue_get
                0x000000000800166c       0x30 ./Src/Queues.o
                0x000000000800166c                server_message_queue_get
 .text.internal_message_queue_get
                0x000000000800169c       0x30 ./Src/Queues.o
                0x000000000800169c                internal_message_queue_get
 .text.EEPROM_read_message_queue_get
                0x00000000080016cc       0x30 ./Src/Queues.o
                0x00000000080016cc                EEPROM_read_message_queue_get
 .text.global_message_queue_add
                0x00000000080016fc       0x98 ./Src/Queues.o
                0x00000000080016fc                global_message_queue_add
 .text.sensor_message_queue_add
                0x0000000008001794       0x98 ./Src/Queues.o
                0x0000000008001794                sensor_message_queue_add
 .text.server_message_queue_add
                0x000000000800182c       0x98 ./Src/Queues.o
                0x000000000800182c                server_message_queue_add
 .text.internal_message_queue_add
                0x00000000080018c4       0x98 ./Src/Queues.o
                0x00000000080018c4                internal_message_queue_add
 .text.EEPROM_read_message_queue_add
                0x000000000800195c       0x98 ./Src/Queues.o
                0x000000000800195c                EEPROM_read_message_queue_add
 .text.intialize_RTC_Clock
                0x00000000080019f4       0x7c ./Src/RTC.o
                0x00000000080019f4                intialize_RTC_Clock
 .text.RTC_AlarmA_Interrupt_Enable
                0x0000000008001a70       0x1c ./Src/RTC.o
                0x0000000008001a70                RTC_AlarmA_Interrupt_Enable
 .text.RTC_AlarmA_Interrupt_Disable
                0x0000000008001a8c       0x20 ./Src/RTC.o
                0x0000000008001a8c                RTC_AlarmA_Interrupt_Disable
 .text.RTC_Set_Date_Time
                0x0000000008001aac       0xe4 ./Src/RTC.o
                0x0000000008001aac                RTC_Set_Date_Time
 .text.RTC_Read_Date_Time
                0x0000000008001b90       0x70 ./Src/RTC.o
                0x0000000008001b90                RTC_Read_Date_Time
 .text.RTC_AlarmA_Init_Sec
                0x0000000008001c00       0x58 ./Src/RTC.o
                0x0000000008001c00                RTC_AlarmA_Init_Sec
 .text.RTC_AlarmA_Period_Is_Set
                0x0000000008001c58       0x1e ./Src/RTC.o
                0x0000000008001c58                RTC_AlarmA_Period_Is_Set
 *fill*         0x0000000008001c76        0x2 
 .text.RTC_AlarmA_Disable
                0x0000000008001c78       0x20 ./Src/RTC.o
                0x0000000008001c78                RTC_AlarmA_Disable
 .text.RTC_AlarmA_Init
                0x0000000008001c98       0xd4 ./Src/RTC.o
                0x0000000008001c98                RTC_AlarmA_Init
 .text.RTC_AlarmA_Set_First_Alarm
                0x0000000008001d6c      0x1b0 ./Src/RTC.o
                0x0000000008001d6c                RTC_AlarmA_Set_First_Alarm
 .text.RTC_Write_Protection_Disable
                0x0000000008001f1c       0x28 ./Src/RTC.o
                0x0000000008001f1c                RTC_Write_Protection_Disable
 .text.RTC_AlarmA_Set_Sec
                0x0000000008001f44       0x9c ./Src/RTC.o
                0x0000000008001f44                RTC_AlarmA_Set_Sec
 .text.RTC_Get_AlarmA_Period
                0x0000000008001fe0       0x4c ./Src/RTC.o
                0x0000000008001fe0                RTC_Get_AlarmA_Period
 .text.RTC_Get_AlarmA_Current
                0x000000000800202c       0x4c ./Src/RTC.o
                0x000000000800202c                RTC_Get_AlarmA_Current
 .text.RTC_AlarmA_Set_Period
                0x0000000008002078       0xa4 ./Src/RTC.o
                0x0000000008002078                RTC_AlarmA_Set_Period
 .text.RTC_Increment_AlarmA
                0x000000000800211c      0x25c ./Src/RTC.o
                0x000000000800211c                RTC_Increment_AlarmA
 .text.RTC_AlarmA_Set_Min
                0x0000000008002378       0xb0 ./Src/RTC.o
                0x0000000008002378                RTC_AlarmA_Set_Min
 .text.RTC_AlarmA_Set_Hr
                0x0000000008002428       0xc0 ./Src/RTC.o
                0x0000000008002428                RTC_AlarmA_Set_Hr
 .text.Usart2_Copy_Into_TX_Buffer
                0x00000000080024e8       0x38 ./Src/USART_DMA.o
                0x00000000080024e8                Usart2_Copy_Into_TX_Buffer
 .text.Usart2_Process_RX_Buffer
                0x0000000008002520       0x24 ./Src/USART_DMA.o
                0x0000000008002520                Usart2_Process_RX_Buffer
 .text.USART2_Send_Data
                0x0000000008002544       0x68 ./Src/USART_DMA.o
                0x0000000008002544                USART2_Send_Data
 .text.initialize_USART2
                0x00000000080025ac       0x98 ./Src/USART_DMA.o
                0x00000000080025ac                initialize_USART2
 .text.initialize_USART2_DMA
                0x0000000008002644      0x1d8 ./Src/USART_DMA.o
                0x0000000008002644                initialize_USART2_DMA
 .text.USART2_Transmission_Disable
                0x000000000800281c       0x1c ./Src/USART_DMA.o
                0x000000000800281c                USART2_Transmission_Disable
 .text.USART2_Transmission_Enable
                0x0000000008002838       0x1c ./Src/USART_DMA.o
                0x0000000008002838                USART2_Transmission_Enable
 .text.USART2_Set_Transmission_Blocks
                0x0000000008002854       0x3c ./Src/USART_DMA.o
                0x0000000008002854                USART2_Set_Transmission_Blocks
 .text.USART2_Set_Reception_Blocks
                0x0000000008002890       0x3c ./Src/USART_DMA.o
                0x0000000008002890                USART2_Set_Reception_Blocks
 .text.USART2_IRQHandler
                0x00000000080028cc       0x58 ./Src/USART_DMA.o
                0x00000000080028cc                USART2_IRQHandler
 .text.DMA1_Channel4_7_IRQHandler
                0x0000000008002924       0x48 ./Src/USART_DMA.o
                0x0000000008002924                DMA1_Channel4_7_IRQHandler
 .text.main     0x000000000800296c       0xd0 ./Src/main.o
                0x000000000800296c                main
 .text.get_mcu_serial
                0x0000000008002a3c       0xbc ./Src/main.o
                0x0000000008002a3c                get_mcu_serial
 .text.label_message_type
                0x0000000008002af8       0x2a ./Src/main.o
                0x0000000008002af8                label_message_type
 *fill*         0x0000000008002b22        0x2 
 .text.Get_Data_From_Sensors
                0x0000000008002b24       0xc4 ./Src/main.o
                0x0000000008002b24                Get_Data_From_Sensors
 .text.LPTIM1_IRQHandler
                0x0000000008002be8       0x1c ./Src/main.o
                0x0000000008002be8                LPTIM1_IRQHandler
 .text.Process_Global_Message_Queue
                0x0000000008002c04      0x294 ./Src/main.o
                0x0000000008002c04                Process_Global_Message_Queue
 .text.PendSV_Handler
                0x0000000008002e98       0x16 ./Src/main.o
                0x0000000008002e98                PendSV_Handler
 .text.AES_RNG_LPUART1_IRQHandler
                0x0000000008002eae       0x16 ./Src/main.o
                0x0000000008002eae                AES_RNG_LPUART1_IRQHandler
 .text.RTC_IRQHandler
                0x0000000008002ec4       0x6c ./Src/main.o
                0x0000000008002ec4                RTC_IRQHandler
 .text.Reset_Handler
                0x0000000008002f30       0x50 ./Startup/startup_stm32l031k6tx.o
                0x0000000008002f30                Reset_Handler
 .text.Default_Handler
                0x0000000008002f80        0x2 ./Startup/startup_stm32l031k6tx.o
                0x0000000008002f80                USART1_IRQHandler
                0x0000000008002f80                TIM6_IRQHandler
                0x0000000008002f80                SysTick_Handler
                0x0000000008002f80                PVD_IRQHandler
                0x0000000008002f80                NMI_Handler
                0x0000000008002f80                USART4_USART5_IRQHandler
                0x0000000008002f80                SPI1_IRQHandler
                0x0000000008002f80                EXTI2_3_IRQHandler
                0x0000000008002f80                I2C2_IRQHandler
                0x0000000008002f80                TIM3_IRQHandler
                0x0000000008002f80                EXTI4_15_IRQHandler
                0x0000000008002f80                RCC_IRQHandler
                0x0000000008002f80                DMA1_Channel1_IRQHandler
                0x0000000008002f80                Default_Handler
                0x0000000008002f80                TIM22_IRQHandler
                0x0000000008002f80                TIM7_IRQHandler
                0x0000000008002f80                EXTI0_1_IRQHandler
                0x0000000008002f80                I2C3_IRQHandler
                0x0000000008002f80                SPI2_IRQHandler
                0x0000000008002f80                SVC_Handler
                0x0000000008002f80                TIM21_IRQHandler
                0x0000000008002f80                WWDG_IRQHandler
                0x0000000008002f80                TIM2_IRQHandler
                0x0000000008002f80                DMA1_Channel2_3_IRQHandler
                0x0000000008002f80                ADC_COMP_IRQHandler
                0x0000000008002f80                HardFault_Handler
 *fill*         0x0000000008002f82        0x2 
 .text.__libc_init_array
                0x0000000008002f84       0x48 /Applications/STM32CubeIDE.app/Contents/Eclipse/plugins/com.st.stm32cube.ide.mcu.externaltools.gnu-tools-for-stm32.11.3.rel1.macos64_1.1.1.202309131626/tools/bin/../lib/gcc/arm-none-eabi/11.3.1/../../../../arm-none-eabi/lib/thumb/v6-m/nofp/libc_nano.a(libc_a-init.o)
                0x0000000008002f84                __libc_init_array
 *(.glue_7)
 .glue_7        0x0000000008002fcc        0x0 linker stubs
 *(.glue_7t)
 .glue_7t       0x0000000008002fcc        0x0 linker stubs
 *(.eh_frame)
 .eh_frame      0x0000000008002fcc        0x0 /Applications/STM32CubeIDE.app/Contents/Eclipse/plugins/com.st.stm32cube.ide.mcu.externaltools.gnu-tools-for-stm32.11.3.rel1.macos64_1.1.1.202309131626/tools/bin/../lib/gcc/arm-none-eabi/11.3.1/thumb/v6-m/nofp/crtbegin.o
 *(.init)
 .init          0x0000000008002fcc        0x4 /Applications/STM32CubeIDE.app/Contents/Eclipse/plugins/com.st.stm32cube.ide.mcu.externaltools.gnu-tools-for-stm32.11.3.rel1.macos64_1.1.1.202309131626/tools/bin/../lib/gcc/arm-none-eabi/11.3.1/thumb/v6-m/nofp/crti.o
                0x0000000008002fcc                _init
 .init          0x0000000008002fd0        0x8 /Applications/STM32CubeIDE.app/Contents/Eclipse/plugins/com.st.stm32cube.ide.mcu.externaltools.gnu-tools-for-stm32.11.3.rel1.macos64_1.1.1.202309131626/tools/bin/../lib/gcc/arm-none-eabi/11.3.1/thumb/v6-m/nofp/crtn.o
 *(.fini)
 .fini          0x0000000008002fd8        0x4 /Applications/STM32CubeIDE.app/Contents/Eclipse/plugins/com.st.stm32cube.ide.mcu.externaltools.gnu-tools-for-stm32.11.3.rel1.macos64_1.1.1.202309131626/tools/bin/../lib/gcc/arm-none-eabi/11.3.1/thumb/v6-m/nofp/crti.o
                0x0000000008002fd8                _fini
 .fini          0x0000000008002fdc        0x8 /Applications/STM32CubeIDE.app/Contents/Eclipse/plugins/com.st.stm32cube.ide.mcu.externaltools.gnu-tools-for-stm32.11.3.rel1.macos64_1.1.1.202309131626/tools/bin/../lib/gcc/arm-none-eabi/11.3.1/thumb/v6-m/nofp/crtn.o
                0x0000000008002fe4                . = ALIGN (0x4)
                0x0000000008002fe4                _etext = .

.vfp11_veneer   0x0000000008002fe4        0x0
 .vfp11_veneer  0x0000000008002fe4        0x0 linker stubs

.v4_bx          0x0000000008002fe4        0x0
 .v4_bx         0x0000000008002fe4        0x0 linker stubs

.iplt           0x0000000008002fe4        0x0
 .iplt          0x0000000008002fe4        0x0 /Applications/STM32CubeIDE.app/Contents/Eclipse/plugins/com.st.stm32cube.ide.mcu.externaltools.gnu-tools-for-stm32.11.3.rel1.macos64_1.1.1.202309131626/tools/bin/../lib/gcc/arm-none-eabi/11.3.1/thumb/v6-m/nofp/crtbegin.o

.rodata         0x0000000008002fe4      0x1c4
                0x0000000008002fe4                . = ALIGN (0x4)
 *(.rodata)
 *(.rodata*)
 .rodata.Process_Global_Message_Queue
                0x0000000008002fe4      0x1c4 ./Src/main.o
                0x00000000080031a8                . = ALIGN (0x4)

.rel.dyn        0x00000000080031a8        0x0
 .rel.iplt      0x00000000080031a8        0x0 /Applications/STM32CubeIDE.app/Contents/Eclipse/plugins/com.st.stm32cube.ide.mcu.externaltools.gnu-tools-for-stm32.11.3.rel1.macos64_1.1.1.202309131626/tools/bin/../lib/gcc/arm-none-eabi/11.3.1/thumb/v6-m/nofp/crtbegin.o

.ARM.extab      0x00000000080031a8        0x0
                0x00000000080031a8                . = ALIGN (0x4)
 *(.ARM.extab* .gnu.linkonce.armextab.*)
                0x00000000080031a8                . = ALIGN (0x4)

.ARM            0x00000000080031a8        0x0
                0x00000000080031a8                . = ALIGN (0x4)
                0x00000000080031a8                __exidx_start = .
 *(.ARM.exidx*)
                0x00000000080031a8                __exidx_end = .
                0x00000000080031a8                . = ALIGN (0x4)

.preinit_array  0x00000000080031a8        0x0
                0x00000000080031a8                . = ALIGN (0x4)
                0x00000000080031a8                PROVIDE (__preinit_array_start = .)
 *(.preinit_array*)
                0x00000000080031a8                PROVIDE (__preinit_array_end = .)
                0x00000000080031a8                . = ALIGN (0x4)

.init_array     0x00000000080031a8        0x4
                0x00000000080031a8                . = ALIGN (0x4)
                0x00000000080031a8                PROVIDE (__init_array_start = .)
 *(SORT_BY_NAME(.init_array.*))
 *(.init_array*)
 .init_array    0x00000000080031a8        0x4 /Applications/STM32CubeIDE.app/Contents/Eclipse/plugins/com.st.stm32cube.ide.mcu.externaltools.gnu-tools-for-stm32.11.3.rel1.macos64_1.1.1.202309131626/tools/bin/../lib/gcc/arm-none-eabi/11.3.1/thumb/v6-m/nofp/crtbegin.o
                0x00000000080031ac                PROVIDE (__init_array_end = .)
                0x00000000080031ac                . = ALIGN (0x4)

.fini_array     0x00000000080031ac        0x4
                0x00000000080031ac                . = ALIGN (0x4)
                [!provide]                        PROVIDE (__fini_array_start = .)
 *(SORT_BY_NAME(.fini_array.*))
 *(.fini_array*)
 .fini_array    0x00000000080031ac        0x4 /Applications/STM32CubeIDE.app/Contents/Eclipse/plugins/com.st.stm32cube.ide.mcu.externaltools.gnu-tools-for-stm32.11.3.rel1.macos64_1.1.1.202309131626/tools/bin/../lib/gcc/arm-none-eabi/11.3.1/thumb/v6-m/nofp/crtbegin.o
                [!provide]                        PROVIDE (__fini_array_end = .)
                0x00000000080031b0                . = ALIGN (0x4)
                0x00000000080031b0                _sidata = LOADADDR (.data)

.data           0x0000000020000000        0x0 load address 0x00000000080031b0
                0x0000000020000000                . = ALIGN (0x4)
                0x0000000020000000                _sdata = .
 *(.data)
 *(.data*)
 *(.RamFunc)
 *(.RamFunc*)
                0x0000000020000000                . = ALIGN (0x4)
                0x0000000020000000                _edata = .

.igot.plt       0x0000000020000000        0x0 load address 0x00000000080031b0
 .igot.plt      0x0000000020000000        0x0 /Applications/STM32CubeIDE.app/Contents/Eclipse/plugins/com.st.stm32cube.ide.mcu.externaltools.gnu-tools-for-stm32.11.3.rel1.macos64_1.1.1.202309131626/tools/bin/../lib/gcc/arm-none-eabi/11.3.1/thumb/v6-m/nofp/crtbegin.o
                0x0000000020000000                . = ALIGN (0x4)

.bss            0x0000000020000000      0x67c load address 0x00000000080031b0
                0x0000000020000000                _sbss = .
                0x0000000020000000                __bss_start__ = _sbss
 *(.bss)
 .bss           0x0000000020000000       0x1c /Applications/STM32CubeIDE.app/Contents/Eclipse/plugins/com.st.stm32cube.ide.mcu.externaltools.gnu-tools-for-stm32.11.3.rel1.macos64_1.1.1.202309131626/tools/bin/../lib/gcc/arm-none-eabi/11.3.1/thumb/v6-m/nofp/crtbegin.o
 *(.bss*)
 .bss.data      0x000000002000001c       0x2a ./Src/AM2302.o
                0x000000002000001c                data
 *fill*         0x0000000020000046        0x2 
 .bss.data_low  0x0000000020000048       0x2a ./Src/AM2302.o
                0x0000000020000048                data_low
 *fill*         0x0000000020000072        0x2 
 .bss.EEPROM_send_data
                0x0000000020000074        0xe ./Src/I2C_EEPROM.o
                0x0000000020000074                EEPROM_send_data
 *fill*         0x0000000020000082        0x2 
 .bss.EEPROM_received_data
                0x0000000020000084        0xe ./Src/I2C_EEPROM.o
                0x0000000020000084                EEPROM_received_data
 *fill*         0x0000000020000092        0x2 
 .bss.EEPROM_Transmitted_address
                0x0000000020000094        0x4 ./Src/I2C_EEPROM.o
                0x0000000020000094                EEPROM_Transmitted_address
 .bss.send_byte_counter
                0x0000000020000098        0x1 ./Src/I2C_EEPROM.o
                0x0000000020000098                send_byte_counter
 .bss.receive_byte_counter
                0x0000000020000099        0x1 ./Src/I2C_EEPROM.o
                0x0000000020000099                receive_byte_counter
 .bss.i2c_busy  0x000000002000009a        0x1 ./Src/I2C_EEPROM.o
                0x000000002000009a                i2c_busy
 .bss.i2c_write_successful_flag
                0x000000002000009b        0x1 ./Src/I2C_EEPROM.o
                0x000000002000009b                i2c_write_successful_flag
 .bss.i2c_read_successful_flag
                0x000000002000009c        0x1 ./Src/I2C_EEPROM.o
                0x000000002000009c                i2c_read_successful_flag
 .bss.no_of_write_attempts
                0x000000002000009d        0x1 ./Src/I2C_EEPROM.o
                0x000000002000009d                no_of_write_attempts
 .bss.EEPROM_Data_Write_Address
                0x000000002000009e        0x2 ./Src/I2C_EEPROM.o
                0x000000002000009e                EEPROM_Data_Write_Address
 .bss.EEPROM_Data_Process_Address
                0x00000000200000a0        0x2 ./Src/I2C_EEPROM.o
                0x00000000200000a0                EEPROM_Data_Process_Address
 *fill*         0x00000000200000a2        0x2 
 .bss.global_message_queue
                0x00000000200000a4      0x118 ./Src/Queues.o
                0x00000000200000a4                global_message_queue
 .bss.global_msg_queue_processing_index
                0x00000000200001bc        0x1 ./Src/Queues.o
                0x00000000200001bc                global_msg_queue_processing_index
 .bss.global_msg_queue_storage_index
                0x00000000200001bd        0x1 ./Src/Queues.o
                0x00000000200001bd                global_msg_queue_storage_index
 .bss.global_msg_queue_full_flag
                0x00000000200001be        0x1 ./Src/Queues.o
                0x00000000200001be                global_msg_queue_full_flag
 *fill*         0x00000000200001bf        0x1 
 .bss.sensor_message_queue
                0x00000000200001c0      0x118 ./Src/Queues.o
                0x00000000200001c0                sensor_message_queue
 .bss.sensor_msg_queue_processing_index
                0x00000000200002d8        0x1 ./Src/Queues.o
                0x00000000200002d8                sensor_msg_queue_processing_index
 .bss.sensor_msg_queue_storage_index
                0x00000000200002d9        0x1 ./Src/Queues.o
                0x00000000200002d9                sensor_msg_queue_storage_index
 .bss.sensor_msg_queue_full_flag
                0x00000000200002da        0x1 ./Src/Queues.o
                0x00000000200002da                sensor_msg_queue_full_flag
 *fill*         0x00000000200002db        0x1 
 .bss.server_message_queue
                0x00000000200002dc      0x118 ./Src/Queues.o
                0x00000000200002dc                server_message_queue
 .bss.server_msg_queue_processing_index
                0x00000000200003f4        0x1 ./Src/Queues.o
                0x00000000200003f4                server_msg_queue_processing_index
 .bss.server_msg_queue_storage_index
                0x00000000200003f5        0x1 ./Src/Queues.o
                0x00000000200003f5                server_msg_queue_storage_index
 .bss.server_msg_queue_full_flag
                0x00000000200003f6        0x1 ./Src/Queues.o
                0x00000000200003f6                server_msg_queue_full_flag
 *fill*         0x00000000200003f7        0x1 
 .bss.internal_message_queue
                0x00000000200003f8      0x118 ./Src/Queues.o
                0x00000000200003f8                internal_message_queue
 .bss.internal_msg_queue_processing_index
                0x0000000020000510        0x1 ./Src/Queues.o
                0x0000000020000510                internal_msg_queue_processing_index
 .bss.internal_msg_queue_storage_index
                0x0000000020000511        0x1 ./Src/Queues.o
                0x0000000020000511                internal_msg_queue_storage_index
 .bss.internal_msg_queue_full_flag
                0x0000000020000512        0x1 ./Src/Queues.o
                0x0000000020000512                internal_msg_queue_full_flag
 *fill*         0x0000000020000513        0x1 
 .bss.EEPROM_read_message_queue
                0x0000000020000514      0x118 ./Src/Queues.o
                0x0000000020000514                EEPROM_read_message_queue
 .bss.EEPROM_read_msg_queue_processing_index
                0x000000002000062c        0x1 ./Src/Queues.o
                0x000000002000062c                EEPROM_read_msg_queue_processing_index
 .bss.EEPROM_read_msg_queue_storage_index
                0x000000002000062d        0x1 ./Src/Queues.o
                0x000000002000062d                EEPROM_read_msg_queue_storage_index
 .bss.EEPROM_read_msg_queue_full_flag
                0x000000002000062e        0x1 ./Src/Queues.o
                0x000000002000062e                EEPROM_read_msg_queue_full_flag
 .bss.RTC_Alarm_Unit_Status
                0x000000002000062f        0x1 ./Src/RTC.o
                0x000000002000062f                RTC_Alarm_Unit_Status
 .bss.RTC_AlarmA_Period
                0x0000000020000630        0x4 ./Src/RTC.o
                0x0000000020000630                RTC_AlarmA_Period
 .bss.usart2_TX_buffer
                0x0000000020000634        0xe ./Src/USART_DMA.o
                0x0000000020000634                usart2_TX_buffer
 *fill*         0x0000000020000642        0x2 
 .bss.usart2_RX_buffer
                0x0000000020000644        0xe ./Src/USART_DMA.o
                0x0000000020000644                usart2_RX_buffer
 .bss.USART_transmission_in_progress_flag
                0x0000000020000652        0x1 ./Src/USART_DMA.o
                0x0000000020000652                USART_transmission_in_progress_flag
 *fill*         0x0000000020000653        0x1 
 .bss.RH_data   0x0000000020000654        0x2 ./Src/main.o
                0x0000000020000654                RH_data
 .bss.temperature_data
                0x0000000020000656        0x2 ./Src/main.o
                0x0000000020000656                temperature_data
 .bss.message_block_sensor
                0x0000000020000658        0xe ./Src/main.o
                0x0000000020000658                message_block_sensor
 *fill*         0x0000000020000666        0x2 
 .bss.message_block_internal
                0x0000000020000668        0xe ./Src/main.o
                0x0000000020000668                message_block_internal
 *fill*         0x0000000020000676        0x2 
 .bss.device_status
                0x0000000020000678        0x4 ./Src/main.o
                0x0000000020000678                device_status
 *(COMMON)
                0x000000002000067c                . = ALIGN (0x4)
                0x000000002000067c                _ebss = .
                0x000000002000067c                __bss_end__ = _ebss

._user_heap_stack
                0x000000002000067c      0x604 load address 0x00000000080031b0
                0x0000000020000680                . = ALIGN (0x8)
 *fill*         0x000000002000067c        0x4 
                [!provide]                        PROVIDE (end = .)
                0x0000000020000680                PROVIDE (_end = .)
                0x0000000020000880                . = (. + _Min_Heap_Size)
 *fill*         0x0000000020000680      0x200 
                0x0000000020000c80                . = (. + _Min_Stack_Size)
 *fill*         0x0000000020000880      0x400 
                0x0000000020000c80                . = ALIGN (0x8)

/DISCARD/
 libc.a(*)
 libm.a(*)
 libgcc.a(*)

.ARM.attributes
                0x0000000000000000       0x28
 *(.ARM.attributes)
 .ARM.attributes
                0x0000000000000000       0x1e /Applications/STM32CubeIDE.app/Contents/Eclipse/plugins/com.st.stm32cube.ide.mcu.externaltools.gnu-tools-for-stm32.11.3.rel1.macos64_1.1.1.202309131626/tools/bin/../lib/gcc/arm-none-eabi/11.3.1/thumb/v6-m/nofp/crti.o
 .ARM.attributes
                0x000000000000001e       0x2c /Applications/STM32CubeIDE.app/Contents/Eclipse/plugins/com.st.stm32cube.ide.mcu.externaltools.gnu-tools-for-stm32.11.3.rel1.macos64_1.1.1.202309131626/tools/bin/../lib/gcc/arm-none-eabi/11.3.1/thumb/v6-m/nofp/crtbegin.o
 .ARM.attributes
                0x000000000000004a       0x2c ./Src/AM2302.o
 .ARM.attributes
                0x0000000000000076       0x2c ./Src/Clocks.o
 .ARM.attributes
                0x00000000000000a2       0x2c ./Src/GPIO.o
 .ARM.attributes
                0x00000000000000ce       0x2c ./Src/I2C_EEPROM.o
 .ARM.attributes
                0x00000000000000fa       0x2c ./Src/LPTIM.o
 .ARM.attributes
                0x0000000000000126       0x2c ./Src/NVIC.o
 .ARM.attributes
                0x0000000000000152       0x2c ./Src/Queues.o
 .ARM.attributes
                0x000000000000017e       0x2c ./Src/RTC.o
 .ARM.attributes
                0x00000000000001aa       0x2c ./Src/USART_DMA.o
 .ARM.attributes
                0x00000000000001d6       0x2c ./Src/main.o
 .ARM.attributes
                0x0000000000000202       0x22 ./Startup/startup_stm32l031k6tx.o
 .ARM.attributes
                0x0000000000000224       0x2c /Applications/STM32CubeIDE.app/Contents/Eclipse/plugins/com.st.stm32cube.ide.mcu.externaltools.gnu-tools-for-stm32.11.3.rel1.macos64_1.1.1.202309131626/tools/bin/../lib/gcc/arm-none-eabi/11.3.1/../../../../arm-none-eabi/lib/thumb/v6-m/nofp/libc_nano.a(libc_a-init.o)
 .ARM.attributes
                0x0000000000000250       0x1e /Applications/STM32CubeIDE.app/Contents/Eclipse/plugins/com.st.stm32cube.ide.mcu.externaltools.gnu-tools-for-stm32.11.3.rel1.macos64_1.1.1.202309131626/tools/bin/../lib/gcc/arm-none-eabi/11.3.1/thumb/v6-m/nofp/libgcc.a(_udivsi3.o)
 .ARM.attributes
                0x000000000000026e       0x1e /Applications/STM32CubeIDE.app/Contents/Eclipse/plugins/com.st.stm32cube.ide.mcu.externaltools.gnu-tools-for-stm32.11.3.rel1.macos64_1.1.1.202309131626/tools/bin/../lib/gcc/arm-none-eabi/11.3.1/thumb/v6-m/nofp/libgcc.a(_dvmd_tls.o)
 .ARM.attributes
                0x000000000000028c       0x1e /Applications/STM32CubeIDE.app/Contents/Eclipse/plugins/com.st.stm32cube.ide.mcu.externaltools.gnu-tools-for-stm32.11.3.rel1.macos64_1.1.1.202309131626/tools/bin/../lib/gcc/arm-none-eabi/11.3.1/thumb/v6-m/nofp/crtn.o
OUTPUT(Air_Sensor.elf elf32-littlearm)
LOAD linker stubs
LOAD /Applications/STM32CubeIDE.app/Contents/Eclipse/plugins/com.st.stm32cube.ide.mcu.externaltools.gnu-tools-for-stm32.11.3.rel1.macos64_1.1.1.202309131626/tools/bin/../lib/gcc/arm-none-eabi/11.3.1/../../../../arm-none-eabi/lib/thumb/v6-m/nofp/libc.a
LOAD /Applications/STM32CubeIDE.app/Contents/Eclipse/plugins/com.st.stm32cube.ide.mcu.externaltools.gnu-tools-for-stm32.11.3.rel1.macos64_1.1.1.202309131626/tools/bin/../lib/gcc/arm-none-eabi/11.3.1/../../../../arm-none-eabi/lib/thumb/v6-m/nofp/libm.a
LOAD /Applications/STM32CubeIDE.app/Contents/Eclipse/plugins/com.st.stm32cube.ide.mcu.externaltools.gnu-tools-for-stm32.11.3.rel1.macos64_1.1.1.202309131626/tools/bin/../lib/gcc/arm-none-eabi/11.3.1/thumb/v6-m/nofp/libgcc.a

.comment        0x0000000000000000       0x43
 .comment       0x0000000000000000       0x43 /Applications/STM32CubeIDE.app/Contents/Eclipse/plugins/com.st.stm32cube.ide.mcu.externaltools.gnu-tools-for-stm32.11.3.rel1.macos64_1.1.1.202309131626/tools/bin/../lib/gcc/arm-none-eabi/11.3.1/thumb/v6-m/nofp/crtbegin.o
                                         0x44 (size before relaxing)
 .comment       0x0000000000000043       0x44 ./Src/AM2302.o
 .comment       0x0000000000000043       0x44 ./Src/Clocks.o
 .comment       0x0000000000000043       0x44 ./Src/GPIO.o
 .comment       0x0000000000000043       0x44 ./Src/I2C_EEPROM.o
 .comment       0x0000000000000043       0x44 ./Src/LPTIM.o
 .comment       0x0000000000000043       0x44 ./Src/NVIC.o
 .comment       0x0000000000000043       0x44 ./Src/Queues.o
 .comment       0x0000000000000043       0x44 ./Src/RTC.o
 .comment       0x0000000000000043       0x44 ./Src/USART_DMA.o
 .comment       0x0000000000000043       0x44 ./Src/main.o

.debug_info     0x0000000000000000     0x1ec3
 .debug_info    0x0000000000000000      0x1f0 ./Src/AM2302.o
 .debug_info    0x00000000000001f0      0x129 ./Src/Clocks.o
 .debug_info    0x0000000000000319      0x1a3 ./Src/GPIO.o
 .debug_info    0x00000000000004bc      0x484 ./Src/I2C_EEPROM.o
 .debug_info    0x0000000000000940      0x103 ./Src/LPTIM.o
 .debug_info    0x0000000000000a43      0x159 ./Src/NVIC.o
 .debug_info    0x0000000000000b9c      0x589 ./Src/Queues.o
 .debug_info    0x0000000000001125      0x4f8 ./Src/RTC.o
 .debug_info    0x000000000000161d      0x2ad ./Src/USART_DMA.o
 .debug_info    0x00000000000018ca      0x5d6 ./Src/main.o
 .debug_info    0x0000000000001ea0       0x23 ./Startup/startup_stm32l031k6tx.o

.debug_abbrev   0x0000000000000000      0xb3f
 .debug_abbrev  0x0000000000000000       0xfd ./Src/AM2302.o
 .debug_abbrev  0x00000000000000fd       0x54 ./Src/Clocks.o
 .debug_abbrev  0x0000000000000151       0xcc ./Src/GPIO.o
 .debug_abbrev  0x000000000000021d      0x158 ./Src/I2C_EEPROM.o
 .debug_abbrev  0x0000000000000375       0x7e ./Src/LPTIM.o
 .debug_abbrev  0x00000000000003f3       0x54 ./Src/NVIC.o
 .debug_abbrev  0x0000000000000447      0x19c ./Src/Queues.o
 .debug_abbrev  0x00000000000005e3      0x191 ./Src/RTC.o
 .debug_abbrev  0x0000000000000774      0x1b6 ./Src/USART_DMA.o
 .debug_abbrev  0x000000000000092a      0x203 ./Src/main.o
 .debug_abbrev  0x0000000000000b2d       0x12 ./Startup/startup_stm32l031k6tx.o

.debug_aranges  0x0000000000000000      0x4b0
 .debug_aranges
                0x0000000000000000       0x28 ./Src/AM2302.o
 .debug_aranges
                0x0000000000000028       0x68 ./Src/Clocks.o
 .debug_aranges
                0x0000000000000090       0x58 ./Src/GPIO.o
 .debug_aranges
                0x00000000000000e8       0x98 ./Src/I2C_EEPROM.o
 .debug_aranges
                0x0000000000000180       0x40 ./Src/LPTIM.o
 .debug_aranges
                0x00000000000001c0       0x80 ./Src/NVIC.o
 .debug_aranges
                0x0000000000000240       0x98 ./Src/Queues.o
 .debug_aranges
                0x00000000000002d8       0xc0 ./Src/RTC.o
 .debug_aranges
                0x0000000000000398       0x90 ./Src/USART_DMA.o
 .debug_aranges
                0x0000000000000428       0x60 ./Src/main.o
 .debug_aranges
                0x0000000000000488       0x28 ./Startup/startup_stm32l031k6tx.o

.debug_rnglists
                0x0000000000000000      0x36b
 .debug_rnglists
                0x0000000000000000       0x1a ./Src/AM2302.o
 .debug_rnglists
                0x000000000000001a       0x49 ./Src/Clocks.o
 .debug_rnglists
                0x0000000000000063       0x40 ./Src/GPIO.o
 .debug_rnglists
                0x00000000000000a3       0x72 ./Src/I2C_EEPROM.o
 .debug_rnglists
                0x0000000000000115       0x2c ./Src/LPTIM.o
 .debug_rnglists
                0x0000000000000141       0x5b ./Src/NVIC.o
 .debug_rnglists
                0x000000000000019c       0x73 ./Src/Queues.o
 .debug_rnglists
                0x000000000000020f       0x93 ./Src/RTC.o
 .debug_rnglists
                0x00000000000002a2       0x69 ./Src/USART_DMA.o
 .debug_rnglists
                0x000000000000030b       0x47 ./Src/main.o
 .debug_rnglists
                0x0000000000000352       0x19 ./Startup/startup_stm32l031k6tx.o

.debug_macro    0x0000000000000000     0x191b
 .debug_macro   0x0000000000000000       0x7b ./Src/AM2302.o
 .debug_macro   0x000000000000007b      0xa8a ./Src/AM2302.o
 .debug_macro   0x0000000000000b05       0x22 ./Src/AM2302.o
 .debug_macro   0x0000000000000b27       0x8e ./Src/AM2302.o
 .debug_macro   0x0000000000000bb5       0x51 ./Src/AM2302.o
 .debug_macro   0x0000000000000c06      0x103 ./Src/AM2302.o
 .debug_macro   0x0000000000000d09       0x6a ./Src/AM2302.o
 .debug_macro   0x0000000000000d73      0x1df ./Src/AM2302.o
 .debug_macro   0x0000000000000f52      0x48a ./Src/AM2302.o
 .debug_macro   0x00000000000013dc       0x10 ./Src/AM2302.o
 .debug_macro   0x00000000000013ec       0x76 ./Src/Clocks.o
 .debug_macro   0x0000000000001462       0x76 ./Src/GPIO.o
 .debug_macro   0x00000000000014d8       0x7b ./Src/I2C_EEPROM.o
 .debug_macro   0x0000000000001553       0x46 ./Src/I2C_EEPROM.o
 .debug_macro   0x0000000000001599       0x80 ./Src/LPTIM.o
 .debug_macro   0x0000000000001619       0x76 ./Src/NVIC.o
 .debug_macro   0x000000000000168f       0x76 ./Src/Queues.o
 .debug_macro   0x0000000000001705       0x76 ./Src/RTC.o
 .debug_macro   0x000000000000177b       0x76 ./Src/USART_DMA.o
 .debug_macro   0x00000000000017f1       0xc8 ./Src/main.o
 .debug_macro   0x00000000000018b9       0x4c ./Src/main.o
 .debug_macro   0x0000000000001905       0x16 ./Src/main.o

.debug_line     0x0000000000000000     0x3dde
 .debug_line    0x0000000000000000      0x525 ./Src/AM2302.o
 .debug_line    0x0000000000000525      0x4d1 ./Src/Clocks.o
 .debug_line    0x00000000000009f6      0x536 ./Src/GPIO.o
 .debug_line    0x0000000000000f2c      0x6e8 ./Src/I2C_EEPROM.o
 .debug_line    0x0000000000001614      0x451 ./Src/LPTIM.o
 .debug_line    0x0000000000001a65      0x4d3 ./Src/NVIC.o
 .debug_line    0x0000000000001f38      0x79b ./Src/Queues.o
 .debug_line    0x00000000000026d3      0x9ec ./Src/RTC.o
 .debug_line    0x00000000000030bf      0x60a ./Src/USART_DMA.o
 .debug_line    0x00000000000036c9      0x69a ./Src/main.o
 .debug_line    0x0000000000003d63       0x7b ./Startup/startup_stm32l031k6tx.o

.debug_str      0x0000000000000000     0x66fa
 .debug_str     0x0000000000000000     0x53e9 ./Src/AM2302.o
                                       0x5563 (size before relaxing)
 .debug_str     0x00000000000053e9       0xf5 ./Src/Clocks.o
                                       0x5572 (size before relaxing)
 .debug_str     0x00000000000054de       0xec ./Src/GPIO.o
                                       0x5586 (size before relaxing)
 .debug_str     0x00000000000055ca      0x4ec ./Src/I2C_EEPROM.o
                                       0x598f (size before relaxing)
 .debug_str     0x0000000000005ab6       0x7d ./Src/LPTIM.o
                                       0x5517 (size before relaxing)
 .debug_str     0x0000000000005b33      0x157 ./Src/NVIC.o
                                       0x55d4 (size before relaxing)
 .debug_str     0x0000000000005c8a      0x432 ./Src/Queues.o
                                       0x5919 (size before relaxing)
 .debug_str     0x00000000000060bc      0x31f ./Src/RTC.o
                                       0x57d8 (size before relaxing)
 .debug_str     0x00000000000063db      0x1e0 ./Src/USART_DMA.o
                                       0x56f3 (size before relaxing)
 .debug_str     0x00000000000065bb      0x110 ./Src/main.o
                                       0x5d14 (size before relaxing)
 .debug_str     0x00000000000066cb       0x2f ./Startup/startup_stm32l031k6tx.o
                                         0x65 (size before relaxing)

.debug_frame    0x0000000000000000      0xe5c
 .debug_frame   0x0000000000000000       0x54 ./Src/AM2302.o
 .debug_frame   0x0000000000000054      0x128 ./Src/Clocks.o
 .debug_frame   0x000000000000017c      0x104 ./Src/GPIO.o
 .debug_frame   0x0000000000000280      0x208 ./Src/I2C_EEPROM.o
 .debug_frame   0x0000000000000488       0xa0 ./Src/LPTIM.o
 .debug_frame   0x0000000000000528      0x17c ./Src/NVIC.o
 .debug_frame   0x00000000000006a4      0x1f8 ./Src/Queues.o
 .debug_frame   0x000000000000089c      0x290 ./Src/RTC.o
 .debug_frame   0x0000000000000b2c      0x1c4 ./Src/USART_DMA.o
 .debug_frame   0x0000000000000cf0      0x120 ./Src/main.o
 .debug_frame   0x0000000000000e10       0x2c /Applications/STM32CubeIDE.app/Contents/Eclipse/plugins/com.st.stm32cube.ide.mcu.externaltools.gnu-tools-for-stm32.11.3.rel1.macos64_1.1.1.202309131626/tools/bin/../lib/gcc/arm-none-eabi/11.3.1/../../../../arm-none-eabi/lib/thumb/v6-m/nofp/libc_nano.a(libc_a-init.o)
 .debug_frame   0x0000000000000e3c       0x20 /Applications/STM32CubeIDE.app/Contents/Eclipse/plugins/com.st.stm32cube.ide.mcu.externaltools.gnu-tools-for-stm32.11.3.rel1.macos64_1.1.1.202309131626/tools/bin/../lib/gcc/arm-none-eabi/11.3.1/thumb/v6-m/nofp/libgcc.a(_udivsi3.o)

.debug_line_str
                0x0000000000000000       0x59
 .debug_line_str
                0x0000000000000000       0x59 ./Startup/startup_stm32l031k6tx.o
                                         0x71 (size before relaxing)
