../Src/I2C_EEPROM.c:92:6:EEPROM_Get_Serial_Number	16	static
../Src/I2C_EEPROM.c:101:9:EEPROM_Stored_Data_Block_Is_Available	16	static
../Src/I2C_EEPROM.c:116:6:EEPROM_Read_Device_Identifiers	16	static
../Src/I2C_EEPROM.c:124:6:EEEPROM_Get_Data_Pointers	16	static
../Src/I2C_EEPROM.c:132:6:EEPROM_Reset_Data_Pointers	16	static
../Src/I2C_EEPROM.c:144:6:EEPROM_Get_Data_Write_Pointer	16	static
../Src/I2C_EEPROM.c:154:6:EEPROM_Get_Data_Process_Pointer	16	static
../Src/I2C_EEPROM.c:164:6:EEPROM_Increment_Data_Write_Pointer	16	static
../Src/I2C_EEPROM.c:176:6:EEPROM_Increment_Data_Process_Pointer	16	static
../Src/I2C_EEPROM.c:187:6:EEPROM_Store_Data_Block	16	static
../Src/I2C_EEPROM.c:200:9:EEPROM_Get_FIFO_Data_Block	16	static
../Src/I2C_EEPROM.c:236:6:I2C_EEPROM_Read	24	static
../Src/I2C_EEPROM.c:278:6:I2C_EEPROM_Write	32	static
../Src/I2C_EEPROM.c:316:6:I2C1_IRQHandler	8	static
../Src/I2C_EEPROM.c:385:6:intialize_GPIO_I2C1	8	static
../Src/I2C_EEPROM.c:425:6:initialize_I2C1	8	static
