../Src/NVIC.c:22:6:intialize_EXTI_RTC	8	static
../Src/NVIC.c:27:6:initialize_NVIC_interrupt_priorities	8	static
../Src/NVIC.c:35:6:initialize_NVIC_LPTIM1	8	static
../Src/NVIC.c:40:6:initialize_NVIC_PendSV	8	static
../Src/NVIC.c:45:6:intialize_NVIC_AES_RNG_LPUART1	8	static
../Src/NVIC.c:50:6:Set_Pending_AES_RNG_LPUART1_Interrupt	8	static
../Src/NVIC.c:54:6:Clear_Pending_AES_RNG_LPUART1_Interrupt	8	static
../Src/NVIC.c:58:6:PendSv_Set	8	static
../Src/NVIC.c:62:6:PendSv_Clear	8	static
../Src/NVIC.c:66:6:intialize_NVIC_I2C1	8	static
../Src/NVIC.c:71:6:intialize_NVIC_USART2	8	static
../Src/NVIC.c:76:6:intialize_NVIC_DMA_CH47	8	static
../Src/NVIC.c:80:6:intialize_NVIC_RTC	8	static
