../Src/RTC.c:99:6:intialize_RTC_Clock	8	static
../Src/RTC.c:131:6:RTC_AlarmA_Interrupt_Enable	8	static
../Src/RTC.c:135:6:RTC_AlarmA_Interrupt_Disable	8	static
../Src/RTC.c:140:6:RTC_Set_Date_Time	24	static
../Src/RTC.c:207:6:RTC_Read_Date_Time	24	static
../Src/RTC.c:225:6:RTC_AlarmA_Init_Min	8	static
../Src/RTC.c:235:6:RTC_AlarmA_Init_Sec	8	static
../Src/RTC.c:245:6:RTC_AlarmA_Init_Min_Sec	8	static
../Src/RTC.c:255:9:RTC_AlarmA_Period_Is_Set	16	static
../Src/RTC.c:262:6:RTC_AlarmA_Disable	8	static
../Src/RTC.c:267:6:RTC_AlarmA_Init	16	static
../Src/RTC.c:293:6:RTC_AlarmA_Set_First_Alarm	40	static
../Src/RTC.c:335:6:RTC_Write_Protection_Disable	8	static
../Src/RTC.c:341:6:RTC_Write_Protection_Enable	8	static
../Src/RTC.c:345:6:RTC_AlarmA_Set_Sec	24	static
../Src/RTC.c:370:6:RTC_Get_AlarmA_Period	16	static
../Src/RTC.c:377:6:RTC_Get_AlarmA_Current	16	static
../Src/RTC.c:385:6:RTC_AlarmA_Set_Period	24	static
../Src/RTC.c:409:6:RTC_Increment_AlarmA	48	static
../Src/RTC.c:463:6:RTC_AlarmA_Set_Min	24	static
../Src/RTC.c:489:6:RTC_AlarmA_Set_Hr	24	static
